// Jest Snapshot v1, https://goo.gl/fbAQLP

exports[`renders correctly enzyme 1`] = `
<ForwardRef(Box)
  sx={
    Object {
      "flexGrow": 1,
    }
  }
>
  <ForwardRef(Paper)
    elevation={0}
    sx={
      Object {
        "alignItems": "center",
        "backgroundColor": "#EBEBEB",
        "border": [Function],
        "display": "flex",
        "flexDirection": Object {
          "md": "row",
          "xs": "column",
        },
        "height": Object {
          "md": "70px",
          "xs": "120px",
        },
        "justifyContent": "space-between",
        "maxWidth": "100%",
        "padding": ".5em 1em .5em 1em",
      }
    }
  />
</ForwardRef(Box)>
`;
