// Jest Snapshot v1, https://goo.gl/fbAQLP

exports[`renders correctly enzyme 1`] = `
<ForwardRef(Paper)
  elevation={0}
  sx={
    Object {
      "alignItems": "center",
      "backgroundColor": "#EBEBEB",
      "display": "flex",
      "justifyContent": "space-between",
      "padding": ".5em 1em .5em 1em",
      "width": Object {
        "md": "auto",
        "xs": "100%",
      },
    }
  }
/>
`;
