// Jest Snapshot v1, https://goo.gl/fbAQLP

exports[`it correctly renders the FS toggle 1`] = `
<ToggleTooltip
  title="Size"
>
  <Styled(ForwardRef(ToggleButtonGroup))
    aria-label="text alignment"
    exclusive={true}
    onChange={[Function]}
    size="small"
  >
    <ForwardRef(ToggleButton)
      aria-label="left aligned"
      value="1.5"
    >
      <Styled(memo)
        size="1.5em"
      />
    </ForwardRef(ToggleButton)>
    <ForwardRef(ToggleButton)
      aria-label="left aligned"
      value="2"
    >
      <Styled(memo)
        size="2.5em"
      />
    </ForwardRef(ToggleButton)>
    <ForwardRef(ToggleButton)
      aria-label="left aligned"
      value="2.5"
    >
      <Styled(memo)
        size="3.5em"
      />
    </ForwardRef(ToggleButton)>
  </Styled(ForwardRef(ToggleButtonGroup))>
</ToggleTooltip>
`;
