// Jest Snapshot v1, https://goo.gl/fbAQLP

exports[`it correctly renders the BodyColor toggle 1`] = `
<ForwardRef(Box)
  sx={
    Object {
      "marginInline": "5px",
      "position": "relative",
      "width": "50px",
    }
  }
>
  <ForwardRef(FormControlLabel)
    control={
      <ForwardRef(ToggleButton)
        onChange={[Function]}
        value={false}
      >
        <Memo />
      </ForwardRef(ToggleButton)>
    }
    label=""
    sx={
      Object {
        "margin": "0 auto",
      }
    }
  />
  <ForwardRef(Collapse)
    collapsedSize={0}
    in={false}
    sx={
      Object {
        "position": "absolute",
        "right": "-5px",
        "top": "70px",
      }
    }
  >
    <Styled(ForwardRef(ToggleButtonGroup))
      aria-label="site theme"
      exclusive={true}
      onChange={[Function]}
      orientation="vertical"
      size="small"
    >
      <Styled(ForwardRef(ToggleButton))
        aria-label="left aligned"
        key="#FFF"
        sx={
          Object {
            "zIndex": 10,
          }
        }
        value="#FFF"
      >
        <Styled(memo)
          color="#FFF"
        />
      </Styled(ForwardRef(ToggleButton))>
      <Styled(ForwardRef(ToggleButton))
        aria-label="left aligned"
        key="#FEF3C7"
        sx={
          Object {
            "zIndex": 10,
          }
        }
        value="#FEF3C7"
      >
        <Styled(memo)
          color="#FEF3C7"
        />
      </Styled(ForwardRef(ToggleButton))>
      <Styled(ForwardRef(ToggleButton))
        aria-label="left aligned"
        key="#272C35"
        sx={
          Object {
            "zIndex": 10,
          }
        }
        value="#272C35"
      >
        <Styled(memo)
          color="#272C35"
        />
      </Styled(ForwardRef(ToggleButton))>
      <Styled(ForwardRef(ToggleButton))
        aria-label="left aligned"
        key="#6366F2"
        sx={
          Object {
            "zIndex": 10,
          }
        }
        value="#6366F2"
      >
        <Styled(memo)
          color="#6366F2"
        />
      </Styled(ForwardRef(ToggleButton))>
      <Styled(ForwardRef(ToggleButton))
        aria-label="left aligned"
        key="#F23C1F"
        sx={
          Object {
            "zIndex": 10,
          }
        }
        value="#F23C1F"
      >
        <Styled(memo)
          color="#F23C1F"
        />
      </Styled(ForwardRef(ToggleButton))>
      <Styled(ForwardRef(ToggleButton))
        aria-label="left aligned"
        key="#D4D1FF"
        sx={
          Object {
            "zIndex": 10,
          }
        }
        value="#D4D1FF"
      >
        <Styled(memo)
          color="#D4D1FF"
        />
      </Styled(ForwardRef(ToggleButton))>
      <Styled(ForwardRef(ToggleButton))
        aria-label="left aligned"
        key="#FA8C1E"
        sx={
          Object {
            "zIndex": 10,
          }
        }
        value="#FA8C1E"
      >
        <Styled(memo)
          color="#FA8C1E"
        />
      </Styled(ForwardRef(ToggleButton))>
    </Styled(ForwardRef(ToggleButtonGroup))>
  </ForwardRef(Collapse)>
</ForwardRef(Box)>
`;
